[debug] [2025-11-25T11:31:25.305Z] ----------------------------------------------------------------------
[debug] [2025-11-25T11:31:25.307Z] Command:       /home/almight/.nvm/versions/node/v22.21.1/bin/node /home/almight/.npm/_npx/ba4f1959e38407b5/node_modules/.bin/firebase init dataconnect --project project-5583295336911612869
[debug] [2025-11-25T11:31:25.308Z] CLI Version:   14.26.0
[debug] [2025-11-25T11:31:25.308Z] Platform:      linux
[debug] [2025-11-25T11:31:25.308Z] Node Version:  v22.21.1
[debug] [2025-11-25T11:31:25.309Z] Time:          Tue Nov 25 2025 12:31:25 GMT+0100 (West Africa Standard Time)
[debug] [2025-11-25T11:31:25.309Z] ----------------------------------------------------------------------
[debug] 
[info] 
     ######## #### ########  ######## ########     ###     ######  ########
     ##        ##  ##     ## ##       ##     ##  ##   ##  ##       ##
     ######    ##  ########  ######   ########  #########  ######  ######
     ##        ##  ##    ##  ##       ##     ## ##     ##       ## ##
     ##       #### ##     ## ######## ########  ##     ##  ######  ########

You're about to initialize a Firebase project in this directory:

  /home/almight/Documents/NBDanceAward

Before we get started, keep in mind:

  * You are initializing within an existing Firebase project directory

[info] 
=== Project Setup
[info] 
[info] First, let's associate this project directory with a Firebase project.
[info] You can create multiple project aliases by running firebase use --add, 
[info] 
[debug] [2025-11-25T11:31:25.744Z] > command requires scopes: ["email","openid","https://www.googleapis.com/auth/cloudplatformprojects.readonly","https://www.googleapis.com/auth/firebase","https://www.googleapis.com/auth/cloud-platform"]
[debug] [2025-11-25T11:31:25.745Z] > authorizing via signed-in user (josiasange37@gmail.com)
[debug] [2025-11-25T11:31:25.746Z] Checked if tokens are valid: false, expires at: 1764070323182
[debug] [2025-11-25T11:31:25.746Z] Checked if tokens are valid: false, expires at: 1764070323182
[debug] [2025-11-25T11:31:25.747Z] > refreshing access token with scopes: []
[debug] [2025-11-25T11:31:25.751Z] >>> [apiv2][query] POST https://www.googleapis.com/oauth2/v3/token [none]
[debug] [2025-11-25T11:31:25.751Z] >>> [apiv2][body] POST https://www.googleapis.com/oauth2/v3/token [omitted]
[debug] [2025-11-25T11:31:31.774Z] <<< [apiv2][status] POST https://www.googleapis.com/oauth2/v3/token 200
[debug] [2025-11-25T11:31:31.774Z] <<< [apiv2][body] POST https://www.googleapis.com/oauth2/v3/token [omitted]
[debug] [2025-11-25T11:31:31.927Z] >>> [apiv2][query] GET https://firebase.googleapis.com/v1beta1/projects/project-5583295336911612869 [none]
[debug] [2025-11-25T11:31:38.376Z] <<< [apiv2][status] GET https://firebase.googleapis.com/v1beta1/projects/project-5583295336911612869 200
[debug] [2025-11-25T11:31:38.377Z] <<< [apiv2][body] GET https://firebase.googleapis.com/v1beta1/projects/project-5583295336911612869 {"projectId":"project-5583295336911612869","projectNumber":"816715936754","displayName":"0101","name":"projects/project-5583295336911612869","resources":{"hostingSite":"project-5583295336911612869","realtimeDatabaseInstance":"project-5583295336911612869-default-rtdb"},"state":"ACTIVE","etag":"1_65f7ea01-7f74-4049-8b45-217d11f2181c"}
[info] i  Using project project-5583295336911612869 (0101) . 
[info] 
=== Dataconnect Setup
[info] i  dataconnect: ensuring required API firebasedataconnect.googleapis.com is enabled... 
[debug] [2025-11-25T11:31:38.546Z] Checked if tokens are valid: true, expires at: 1764073890774
[debug] [2025-11-25T11:31:38.546Z] Checked if tokens are valid: true, expires at: 1764073890774
[info] i  dataconnect: ensuring required API sqladmin.googleapis.com is enabled... 
[debug] [2025-11-25T11:31:38.553Z] Checked if tokens are valid: true, expires at: 1764073890774
[debug] [2025-11-25T11:31:38.553Z] Checked if tokens are valid: true, expires at: 1764073890774
[debug] [2025-11-25T11:31:38.553Z] >>> [apiv2][query] GET https://serviceusage.googleapis.com/v1/projects/project-5583295336911612869/services/firebasedataconnect.googleapis.com [none]
[debug] [2025-11-25T11:31:38.554Z] >>> [apiv2][(partial)header] GET https://serviceusage.googleapis.com/v1/projects/project-5583295336911612869/services/firebasedataconnect.googleapis.com x-goog-quota-user=projects/project-5583295336911612869
[debug] [2025-11-25T11:31:38.561Z] >>> [apiv2][query] GET https://serviceusage.googleapis.com/v1/projects/project-5583295336911612869/services/sqladmin.googleapis.com [none]
[debug] [2025-11-25T11:31:38.561Z] >>> [apiv2][(partial)header] GET https://serviceusage.googleapis.com/v1/projects/project-5583295336911612869/services/sqladmin.googleapis.com x-goog-quota-user=projects/project-5583295336911612869
[debug] [2025-11-25T11:31:51.149Z] <<< [apiv2][status] GET https://serviceusage.googleapis.com/v1/projects/project-5583295336911612869/services/firebasedataconnect.googleapis.com 200
[debug] [2025-11-25T11:31:51.159Z] <<< [apiv2][body] GET https://serviceusage.googleapis.com/v1/projects/project-5583295336911612869/services/firebasedataconnect.googleapis.com [omitted]
[info] ✔  dataconnect: required API firebasedataconnect.googleapis.com is enabled 
[debug] [2025-11-25T11:31:58.255Z] <<< [apiv2][status] GET https://serviceusage.googleapis.com/v1/projects/project-5583295336911612869/services/sqladmin.googleapis.com 200
[debug] [2025-11-25T11:31:58.255Z] <<< [apiv2][body] GET https://serviceusage.googleapis.com/v1/projects/project-5583295336911612869/services/sqladmin.googleapis.com [omitted]
[warn] ⚠  dataconnect: missing required API sqladmin.googleapis.com. Enabling now... 
[debug] [2025-11-25T11:31:58.258Z] Checked if tokens are valid: true, expires at: 1764073890774
[debug] [2025-11-25T11:31:58.258Z] Checked if tokens are valid: true, expires at: 1764073890774
[debug] [2025-11-25T11:31:58.259Z] >>> [apiv2][query] POST https://serviceusage.googleapis.com/v1/projects/project-5583295336911612869/services/sqladmin.googleapis.com:enable [none]
[debug] [2025-11-25T11:31:58.259Z] >>> [apiv2][(partial)header] POST https://serviceusage.googleapis.com/v1/projects/project-5583295336911612869/services/sqladmin.googleapis.com:enable x-goog-quota-user=projects/project-5583295336911612869
[debug] [2025-11-25T11:32:03.750Z] <<< [apiv2][status] POST https://serviceusage.googleapis.com/v1/projects/project-5583295336911612869/services/sqladmin.googleapis.com:enable 200
[debug] [2025-11-25T11:32:03.753Z] <<< [apiv2][body] POST https://serviceusage.googleapis.com/v1/projects/project-5583295336911612869/services/sqladmin.googleapis.com:enable [omitted]
[debug] [2025-11-25T11:32:13.975Z] Checked if tokens are valid: true, expires at: 1764073890774
[debug] [2025-11-25T11:32:13.975Z] Checked if tokens are valid: true, expires at: 1764073890774
[debug] [2025-11-25T11:32:13.976Z] >>> [apiv2][query] GET https://firebasedataconnect.googleapis.com/v1/projects/project-5583295336911612869/locations/-/services [none]
[debug] [2025-11-25T11:32:20.730Z] <<< [apiv2][status] GET https://firebasedataconnect.googleapis.com/v1/projects/project-5583295336911612869/locations/-/services 200
[debug] [2025-11-25T11:32:20.730Z] <<< [apiv2][body] GET https://firebasedataconnect.googleapis.com/v1/projects/project-5583295336911612869/locations/-/services {}
